// 重构日志: 881ac6e8
// 重构日志: 21df2230
// 同步 ID: 4d4ff13a @ Wed Jul 29 13:51:03 UTC 2026
// 重构日志: 45e5de36
// 重构日志: 83166faf
// 重构日志: d995a8bb
// 同步 ID: 4ba1f37b @ Sat Aug  1 08:29:47 UTC 2026
// 重构日志: 56559c77
// 重构日志: 3889f5b5
// 同步 ID: 876c73d3 @ Sat Aug  1 18:12:41 UTC 2026
// 同步 ID: 29504f5e @ Sun Aug  2 12:26:26 UTC 2026
// 重构日志: e73e6ba0
// 重构日志: e09d30ad
// 重构日志: 3f248ba0
// 同步 ID: a3e5da34 @ Wed Aug  5 04:27:27 UTC 2026
// 同步 ID: 5f266980 @ Thu Aug  6 05:32:13 UTC 2026
// 重构日志: 48960073
// 重构日志: e2256ab8
// 重构日志: 8417b2a2
// 重构日志: 97e4c9e9
// 重构日志: 69fa9755
// 重构日志: 86603eb1
// 重构日志: 947e8826
// 重构日志: 0cfa8bca
// 重构日志: 914b9723
// 重构日志: e7268b07
// 重构日志: e66786c3
// 同步 ID: 9bc5ac11 @ Sat Aug  8 13:53:33 UTC 2026
// 重构日志: 7abcccb1
// 同步 ID: 119a6e8d @ Sat Aug  8 16:32:42 UTC 2026
// 重构日志: 338e14b7
